join_connect_pressed room=CZ5HPZ
NetworkManager[LobbyTransport]: client connecting to 127.0.0.1:22445 path=/root/Main/LobbyPeer/LobbyTransport
NetworkManager[LobbyTransport]: connected_to_server
LobbyClient[LobbyPeer]: connected to server
lobby_connected
LobbyClient[LobbyPeer]: sending login_guest
NetworkManager[LobbyTransport]: sending request_action login_guest
LobbyClient[LobbyPeer]: received hello_ok
lobby_login_succeeded session=RSV9WSGE6DUS player=SmokeClient host=false
LobbyClient[LobbyPeer]: sending join_room
NetworkManager[LobbyTransport]: sending request_action join_room
LobbyClient[LobbyPeer]: received room_list
LobbyClient[LobbyPeer]: received room_snapshot
room_snapshot room=CZ5HPZ members=2
LobbyClient[LobbyPeer]: sending set_ready
NetworkManager[LobbyTransport]: sending request_action set_ready
LobbyClient[LobbyPeer]: received room_list
LobbyClient[LobbyPeer]: received room_snapshot
room_snapshot room=CZ5HPZ members=2
LobbyClient[LobbyPeer]: received room_list
LobbyClient[LobbyPeer]: received match_assigned
remote_match_assigned match=match_YTYX2LXE
